// Jest Snapshot v1, https://goo.gl/fbAQLP

exports[`Input should render correctly 1`] = `
<input
  className="sc-bcXHqe gBKJnZ"
  data-testid="input"
  id="test-input"
  name="testing"
  type="text"
/>
`;
