// Jest Snapshot v1, https://goo.gl/fbAQLP

exports[`Text With Link should render correctly 1`] = `
<div
  className="sc-bcXHqe jFrdJc"
  data-testid="test"
>
  <p>
    test
  </p>
  <p
    className="sc-gswNZR hvpnHU"
    onClick={[Function]}
  >
    click me
  </p>
</div>
`;
